// Vitest Snapshot v1, https://vitest.dev/guide/snapshot.html

exports[`system > should load 1`] = `
[
  {
    "date": 2023-04-01T13:00:00.000Z,
    "name": "2023-04-04 新番放送计划",
    "onair": [
      {
        "alias": [],
        "bgm": "323651",
        "date": 2023-04-01T13:00:00.000Z,
        "fansub": [
          "Lilith-Raws",
          "ANi",
        ],
        "keywords": {
          "exclude": [],
          "include": [
            [
              "熊熊勇闯异世界 Punch!",
            ],
          ],
        },
        "preference": {
          "extension": {
            "exclude": [],
            "include": [
              "mp4",
              "mkv",
            ],
          },
          "format": {
            "episode": "[{fansub}] {title} - S{season}E{ep}.{extension}",
            "film": "[{fansub}] {title}.{extension}",
            "ova": "[{fansub}] {title}.{extension}",
          },
          "keyword": {
            "exclude": [],
            "order": {
              "format": [
                "mp4",
                "mkv",
              ],
              "language": [
                "简",
                "繁",
              ],
              "resolution": [
                "1080",
                "720",
              ],
            },
          },
        },
        "season": 2,
        "status": "onair",
        "storage": {
          "name": "anime",
          "root": Path { fs: "node", path: "../core/test/fixtures/space/anime" },
        },
        "title": "熊熊勇闯异世界 Punch!",
        "translations": {},
        "type": "番剧",
      },
      {
        "alias": [],
        "bgm": "404804",
        "date": 2023-04-01T13:00:00.000Z,
        "fansub": [
          "SweetSub",
        ],
        "keywords": {
          "exclude": [],
          "include": [
            [
              "天国大魔境",
              "Tengoku Daimakyou",
            ],
          ],
        },
        "preference": {
          "extension": {
            "exclude": [],
            "include": [
              "mp4",
              "mkv",
            ],
          },
          "format": {
            "episode": "[{fansub}] {title} - S{season}E{ep}.{extension}",
            "film": "[{fansub}] {title}.{extension}",
            "ova": "[{fansub}] {title}.{extension}",
          },
          "keyword": {
            "exclude": [],
            "order": {
              "format": [
                "mp4",
                "mkv",
              ],
              "language": [
                "简",
                "繁",
              ],
              "resolution": [
                "1080",
                "720",
              ],
            },
          },
        },
        "season": 1,
        "status": "onair",
        "storage": {
          "name": "anime",
          "root": Path { fs: "node", path: "../core/test/fixtures/space/anime" },
        },
        "title": "天国大魔境",
        "translations": {
          "unknown": [
            "Tengoku Daimakyou",
          ],
        },
        "type": "番剧",
      },
      {
        "alias": [],
        "bgm": "376703",
        "date": 2023-04-01T13:00:00.000Z,
        "fansub": [
          "喵萌奶茶屋",
        ],
        "keywords": {
          "exclude": [
            "闪耀色彩",
          ],
          "include": [
            [
              "偶像大师 灰姑娘女孩 U149",
            ],
            [
              "偶像大师",
              "iDOLM@STER",
            ],
            [
              "灰姑娘女孩",
            ],
            [
              "U149",
            ],
          ],
        },
        "preference": {
          "extension": {
            "exclude": [],
            "include": [
              "mp4",
              "mkv",
            ],
          },
          "format": {
            "episode": "[{fansub}] {title} - S{season}E{ep}.{extension}",
            "film": "[{fansub}] {title}.{extension}",
            "ova": "[{fansub}] {title}.{extension}",
          },
          "keyword": {
            "exclude": [],
            "order": {
              "format": [
                "mp4",
                "mkv",
              ],
              "language": [
                "简",
                "繁",
              ],
              "resolution": [
                "1080",
                "720",
              ],
            },
          },
        },
        "season": 1,
        "status": "onair",
        "storage": {
          "name": "anime",
          "root": Path { fs: "node", path: "../core/test/fixtures/space/anime" },
        },
        "title": "偶像大师 灰姑娘女孩 U149",
        "translations": {},
        "type": "番剧",
      },
    ],
    "preference": {
      "extension": {
        "exclude": [],
        "include": [
          "mp4",
          "mkv",
        ],
      },
      "format": {
        "episode": "[{fansub}] {title} - S{season}E{ep}.{extension}",
        "film": "[{fansub}] {title}.{extension}",
        "ova": "[{fansub}] {title}.{extension}",
      },
      "keyword": {
        "exclude": [],
        "order": {
          "format": [
            "mp4",
            "mkv",
          ],
          "language": [
            "简",
            "繁",
          ],
          "resolution": [
            "1080",
            "720",
          ],
        },
      },
    },
    "status": "onair",
  },
]
`;
